// Jest Snapshot v1, https://goo.gl/fbAQLP

exports[`Header component should Header match snapshot 1`] = `
<div>
  <header
    class="sc-fvNpTx jhJxiM"
  >
    <div
      class="sc-fctJkW kaCYzG"
    >
      <div
        class="sc-HzFiz dLErdo"
      >
        <svg
          class=""
          fill="#161616"
          height="30"
          viewBox="0 0 177 30"
          width="177"
          xmlns="http://www.w3.org/2000/svg"
        >
          <path
            d="M9.25293 13.3799L7.62939 15.0034C7.56429 14.9383 7.46663 14.8488 7.33643 14.7349C7.21436 14.6128 6.95394 14.4622 6.55518 14.2832C6.16455 14.096 5.76986 14.0024 5.37109 14.0024C4.83398 14.0024 4.40674 14.1286 4.08936 14.3809C3.78011 14.625 3.62549 14.9139 3.62549 15.2476C3.62549 15.5975 3.77604 15.8905 4.07715 16.1265C4.37826 16.3625 4.75667 16.5415 5.2124 16.6636C5.66813 16.7856 6.15641 16.9403 6.67725 17.1274C7.20622 17.3065 7.69857 17.5099 8.1543 17.7378C8.61816 17.9657 9.00065 18.3156 9.30176 18.7876C9.60286 19.2596 9.75342 19.8293 9.75342 20.4966C9.75342 21.5301 9.33431 22.4131 8.49609 23.1455C7.66602 23.8779 6.58366 24.2441 5.24902 24.2441C4.66309 24.2441 4.10156 24.1709 3.56445 24.0244C3.03548 23.8779 2.6001 23.703 2.2583 23.4995C1.9165 23.2961 1.6154 23.0926 1.35498 22.8892C1.1027 22.6776 0.919596 22.4985 0.805664 22.3521L0.622559 22.1201L2.24609 20.4966C2.32747 20.6105 2.44548 20.7529 2.6001 20.9238C2.76286 21.0947 3.10465 21.3185 3.62549 21.5952C4.15446 21.8638 4.69564 21.998 5.24902 21.998C5.91634 21.998 6.41683 21.8638 6.75049 21.5952C7.08415 21.3185 7.25098 20.9523 7.25098 20.4966C7.25098 20.1466 7.10042 19.8577 6.79932 19.6299C6.49821 19.3939 6.11979 19.2148 5.66406 19.0928C5.20833 18.9626 4.71598 18.8079 4.18701 18.6289C3.66618 18.4417 3.17383 18.2383 2.70996 18.0186C2.25423 17.7907 1.87581 17.4408 1.57471 16.9688C1.2736 16.4886 1.12305 15.9149 1.12305 15.2476C1.12305 14.328 1.52588 13.5142 2.33154 12.8062C3.14535 12.0981 4.15853 11.7441 5.37109 11.7441C5.85124 11.7441 6.3151 11.8011 6.7627 11.915C7.21842 12.0208 7.5887 12.1551 7.87354 12.3179C8.15837 12.4725 8.40658 12.6353 8.61816 12.8062C8.83789 12.9689 8.99658 13.0991 9.09424 13.1968L9.25293 13.3799ZM20.6299 20.8384C21.3704 20.0653 21.7407 19.1213 21.7407 18.0063C21.7407 16.8833 21.3704 15.9352 20.6299 15.1621C19.8893 14.389 19.0104 14.0024 17.9932 14.0024C16.9759 14.0024 16.0929 14.389 15.3442 15.1621C14.6037 15.9352 14.2334 16.8833 14.2334 18.0063C14.2334 19.1213 14.6037 20.0653 15.3442 20.8384C16.0929 21.6115 16.9759 21.998 17.9932 21.998C19.0104 21.998 19.8893 21.6115 20.6299 20.8384ZM13.5986 22.3887C12.3617 21.1436 11.7432 19.6828 11.7432 18.0063C11.7432 16.3218 12.3617 14.8569 13.5986 13.6118C14.8438 12.3667 16.3086 11.7441 17.9932 11.7441C19.6777 11.7441 21.1385 12.3667 22.3755 13.6118C23.6206 14.8569 24.2432 16.3218 24.2432 18.0063C24.2432 19.6828 23.6206 21.1436 22.3755 22.3887C21.1385 23.6257 19.6777 24.2441 17.9932 24.2441C16.3086 24.2441 14.8438 23.6257 13.5986 22.3887ZM28.1006 22.3887C26.8636 21.1436 26.2451 19.6828 26.2451 18.0063C26.2451 16.3218 26.8636 14.8569 28.1006 13.6118C29.3457 12.3667 30.8105 11.7441 32.4951 11.7441C33.431 11.7441 34.3018 11.9476 35.1074 12.3545C35.9131 12.7533 36.4909 13.152 36.8408 13.5508L37.3657 14.1245L35.7422 15.748C35.6608 15.6178 35.5347 15.4591 35.3638 15.272C35.201 15.0767 34.8389 14.8162 34.2773 14.4907C33.724 14.1652 33.1299 14.0024 32.4951 14.0024C31.4779 14.0024 30.5949 14.389 29.8462 15.1621C29.1056 15.9352 28.7354 16.8833 28.7354 18.0063C28.7354 19.1213 29.1056 20.0653 29.8462 20.8384C30.5949 21.6115 31.4779 21.998 32.4951 21.998C33.1299 21.998 33.724 21.8394 34.2773 21.522C34.8389 21.2046 35.2417 20.8953 35.4858 20.5942L35.8643 20.1304L37.4878 21.7539C37.439 21.819 37.3657 21.9126 37.2681 22.0347C37.1704 22.1486 36.9588 22.348 36.6333 22.6328C36.3078 22.9095 35.966 23.1577 35.6079 23.3774C35.2498 23.589 34.786 23.7884 34.2163 23.9756C33.6466 24.1546 33.0729 24.2441 32.4951 24.2441C30.8105 24.2441 29.3457 23.6257 28.1006 22.3887ZM42.6025 12.0005V24H40.1001V12.0005H42.6025ZM42.4316 7.17871C42.7165 7.46354 42.8589 7.82161 42.8589 8.25293C42.8589 8.68424 42.7165 9.04232 42.4316 9.32715C42.1468 9.61198 41.7887 9.75439 41.3574 9.75439C40.9261 9.75439 40.568 9.61198 40.2832 9.32715C39.9984 9.04232 39.856 8.68424 39.856 8.25293C39.856 7.82161 39.9984 7.46354 40.2832 7.17871C40.568 6.89388 40.9261 6.75146 41.3574 6.75146C41.7887 6.75146 42.1468 6.89388 42.4316 7.17871ZM55.8594 24H53.3569V22.7549C53.3244 22.7874 53.2674 22.8403 53.186 22.9136C53.1128 22.9868 52.9582 23.1089 52.7222 23.2798C52.4943 23.4425 52.2461 23.5931 51.9775 23.7314C51.709 23.8617 51.3713 23.9797 50.9644 24.0854C50.5575 24.1912 50.1465 24.2441 49.7314 24.2441C48.5107 24.2441 47.4976 23.8901 46.6919 23.1821C45.8862 22.4741 45.4834 21.6644 45.4834 20.7529C45.4834 19.7682 45.7926 18.9422 46.4111 18.2749C47.0378 17.6076 47.8923 17.1844 48.9746 17.0054L53.3569 16.2485C53.3569 15.6138 53.1209 15.0807 52.6489 14.6494C52.1851 14.2181 51.5869 14.0024 50.8545 14.0024C50.2197 14.0024 49.6419 14.1367 49.1211 14.4053C48.6084 14.6657 48.2544 14.9302 48.0591 15.1987L47.7295 15.626L46.106 14.0024C46.1548 13.9373 46.2199 13.856 46.3013 13.7583C46.3908 13.6525 46.582 13.4735 46.875 13.2212C47.1761 12.9608 47.4935 12.7288 47.8271 12.5254C48.1608 12.3219 48.6003 12.1429 49.1455 11.9883C49.6989 11.8255 50.2686 11.7441 50.8545 11.7441C52.3193 11.7441 53.5197 12.1795 54.4556 13.0503C55.3914 13.9129 55.8594 14.979 55.8594 16.2485V24ZM50.1099 21.998C51.1271 21.998 51.9206 21.6969 52.4902 21.0947C53.068 20.4844 53.3569 19.6177 53.3569 18.4946V18.2505L49.4751 18.873C49.0275 18.9544 48.6654 19.1375 48.3887 19.4224C48.112 19.7072 47.9736 20.0653 47.9736 20.4966C47.9736 20.8953 48.1649 21.2453 48.5474 21.5464C48.938 21.8475 49.4588 21.998 50.1099 21.998ZM62.1094 6.49512V24H59.6191V6.49512H62.1094Z"
          />
          <circle
            cx="73.5"
            cy="20.5"
            fill="#6962A8"
            r="3.5"
          />
          <path
            d="M87.126 12.0005V13.2456L87.2847 13.0869C87.3579 13.0137 87.5125 12.8957 87.7485 12.7329C87.9845 12.562 88.2327 12.4115 88.4932 12.2812C88.7617 12.1429 89.0994 12.0208 89.5063 11.915C89.9214 11.8011 90.3364 11.7441 90.7515 11.7441C92.2 11.7441 93.3719 12.2202 94.2671 13.1724C95.1704 14.1245 95.6221 15.4022 95.6221 17.0054V24H93.1196V17.0054C93.1196 16.1427 92.8429 15.4266 92.2896 14.8569C91.7443 14.2873 91.0648 14.0024 90.251 14.0024C89.2988 14.0024 88.5379 14.3117 87.9683 14.9302C87.4067 15.5405 87.126 16.3991 87.126 17.5059V24H84.6235V12.0005H87.126ZM110.246 18.873H100.871C101.001 19.7194 101.416 20.4518 102.116 21.0703C102.824 21.6888 103.662 21.998 104.631 21.998C105.331 21.998 105.982 21.8394 106.584 21.522C107.194 21.2046 107.626 20.8953 107.878 20.5942L108.256 20.1304L109.88 21.7539C109.831 21.819 109.754 21.9126 109.648 22.0347C109.55 22.1486 109.335 22.348 109.001 22.6328C108.667 22.9095 108.313 23.1577 107.939 23.3774C107.565 23.589 107.076 23.7884 106.474 23.9756C105.88 24.1546 105.266 24.2441 104.631 24.2441C102.93 24.2441 101.461 23.6216 100.224 22.3765C98.9953 21.1232 98.3809 19.6217 98.3809 17.8721C98.3809 16.1875 98.979 14.7471 100.175 13.5508C101.38 12.3464 102.82 11.7441 104.497 11.7441C106.181 11.7441 107.581 12.3057 108.696 13.4287C109.819 14.5436 110.38 15.9434 110.38 17.6279L110.246 18.873ZM104.497 13.8804C103.593 13.8804 102.832 14.1489 102.214 14.686C101.604 15.215 101.193 15.9027 100.981 16.749H107.927C107.78 15.9027 107.402 15.215 106.792 14.686C106.181 14.1489 105.416 13.8804 104.497 13.8804ZM114.616 10.499V7.99658H116.862V12.0005H119.365V14.2466H116.862V20.4722C116.862 20.9198 117.005 21.286 117.29 21.5708C117.574 21.8556 117.932 21.998 118.364 21.998C118.551 21.998 118.746 21.9777 118.95 21.937C119.161 21.8963 119.324 21.8516 119.438 21.8027L119.621 21.7539V24C119.125 24.1628 118.539 24.2441 117.863 24.2441C115.528 24.2441 114.364 22.995 114.372 20.4966V14.2466H112.114V12.0005H113.371C114.201 12.0005 114.616 11.5 114.616 10.499ZM129.24 12.0005H131.486L134.233 20.2524L136.992 12.0005H139.616L135.49 24H133.11L130.363 16.0044L127.617 24H125.236L121.11 12.0005H123.735L126.494 20.2524L129.24 12.0005ZM149.748 20.8384C150.489 20.0653 150.859 19.1213 150.859 18.0063C150.859 16.8833 150.489 15.9352 149.748 15.1621C149.007 14.389 148.129 14.0024 147.111 14.0024C146.094 14.0024 145.211 14.389 144.462 15.1621C143.722 15.9352 143.352 16.8833 143.352 18.0063C143.352 19.1213 143.722 20.0653 144.462 20.8384C145.211 21.6115 146.094 21.998 147.111 21.998C148.129 21.998 149.007 21.6115 149.748 20.8384ZM142.717 22.3887C141.48 21.1436 140.861 19.6828 140.861 18.0063C140.861 16.3218 141.48 14.8569 142.717 13.6118C143.962 12.3667 145.427 11.7441 147.111 11.7441C148.796 11.7441 150.257 12.3667 151.494 13.6118C152.739 14.8569 153.361 16.3218 153.361 18.0063C153.361 19.6828 152.739 21.1436 151.494 22.3887C150.257 23.6257 148.796 24.2441 147.111 24.2441C145.427 24.2441 143.962 23.6257 142.717 22.3887ZM162.858 14.1245C162.525 14.0431 162.15 14.0024 161.735 14.0024C160.783 14.0024 160.022 14.3117 159.453 14.9302C158.891 15.5405 158.61 16.3991 158.61 17.5059V24H156.108V12.0005H158.61V13.2456L158.769 13.0869C158.842 13.0137 158.997 12.8957 159.233 12.7329C159.469 12.562 159.717 12.4115 159.978 12.2812C160.246 12.1429 160.584 12.0208 160.991 11.915C161.406 11.8011 161.821 11.7441 162.236 11.7441H162.858V14.1245ZM175.725 12.0005L171.098 17.0054L176.103 24H173.344L169.475 18.6289L167.595 20.6309V24H165.104V6.49512H167.595V17.3716L172.722 12.0005H175.725Z"
          />
        </svg>
      </div>
      <div
        class="sc-grREDI caXeRW"
      >
        <div
          class="sc-eKszNL gKeexs sc-bWXABl MAxuc"
        >
          <input
            class="sc-olbas fnEWMQ"
            placeholder="Поиск"
          />
          <div
            class="sc-hiMGwR gUJSvc"
          >
            <svg
              class=""
              fill="transparent"
              height="16"
              viewBox="0 0 16 16"
              width="16"
              xmlns="http://www.w3.org/2000/svg"
            >
              <path
                d="M7.22223 13.4444C10.6587 13.4444 13.4445 10.6587 13.4445 7.22222C13.4445 3.78578 10.6587 1 7.22223 1C3.78579 1 1 3.78578 1 7.22222C1 10.6587 3.78579 13.4444 7.22223 13.4444Z"
                stroke="#B7B7B7"
                stroke-linecap="round"
                stroke-linejoin="round"
                stroke-width="2"
              />
              <path
                d="M15.0001 15L11.6167 11.6166"
                stroke="#B7B7B7"
                stroke-linecap="round"
                stroke-linejoin="round"
                stroke-width="2"
              />
            </svg>
          </div>
        </div>
        <button
          class="sc-gsnTZi dtFTOr sc-jQHtVU kpOzhQ"
        >
          Создать
        </button>
      </div>
      <div
        class="sc-eFWqGp gSdJsW"
      >
        <div
          class="sc-csvncw jgQwWn"
        >
          <div
            class="sc-bczRLJ kHGUMm"
            data-testid="avatarContainer"
            height="50"
            width="50"
          >
            <span
              style="box-sizing: border-box; display: inline-block; overflow: hidden; background: none; opacity: 1; border: 0px; margin: 0px; padding: 0px; position: relative; max-width: 100%;"
            >
              <span
                style="box-sizing: border-box; display: block; background: none; opacity: 1; border: 0px; margin: 0px; padding: 0px; max-width: 100%;"
              >
                <img
                  alt=""
                  aria-hidden="true"
                  src="data:image/svg+xml,%3csvg%20xmlns=%27http://www.w3.org/2000/svg%27%20version=%271.1%27%20width=%2750%27%20height=%2750%27/%3e"
                  style="display: block; max-width: 100%; background: none; opacity: 1; border: 0px; margin: 0px; padding: 0px;"
                />
              </span>
              <img
                data-nimg="intrinsic"
                decoding="async"
                src="data:image/gif;base64,R0lGODlhAQABAIAAAAAAAP///yH5BAEAAAAALAAAAAABAAEAAAIBRAA7"
                style="position: absolute; top: 0px; left: 0px; bottom: 0px; right: 0px; box-sizing: border-box; padding: 0px; margin: auto; display: block; width: 0px; height: 0px; min-width: 100%; max-width: 100%; min-height: 100%; max-height: 100%; object-fit: cover;"
              />
              <noscript />
            </span>
          </div>
        </div>
        <div
          class="sc-csvncw jgQwWn"
        >
          <svg
            class=""
            fill="#161616"
            height="13"
            viewBox="0 0 17 13"
            width="17"
            xmlns="http://www.w3.org/2000/svg"
          >
            <path
              d="M17 1.625C17 0.73125 16.235 0 15.3 0H1.7C0.765 0 0 0.73125 0 1.625V11.375C0 12.2688 0.765 13 1.7 13H15.3C16.235 13 17 12.2688 17 11.375V1.625ZM15.3 1.625L8.5 5.6875L1.7 1.625H15.3ZM15.3 11.375H1.7V3.25L7.98713 7.0061C8.30301 7.19481 8.697 7.19481 9.01287 7.0061L15.3 3.25V11.375Z"
            />
          </svg>
        </div>
        <div
          class="sc-csvncw jgQwWn"
        >
          <svg
            class=""
            fill="#161616"
            height="16"
            viewBox="0 0 16 16"
            width="16"
            xmlns="http://www.w3.org/2000/svg"
          >
            <path
              d="M14.1071 8.78C14.14 8.524 14.1647 8.264 14.1647 8C14.1647 7.736 14.14 7.476 14.1071 7.22L15.8461 5.896C16.0024 5.776 16.0476 5.56 15.9448 5.384L14.3003 2.612C14.1976 2.44 13.9838 2.368 13.7988 2.44L11.7514 3.244C11.328 2.928 10.8634 2.66 10.3619 2.456L10.0535 0.336C10.0165 0.148 9.84796 0 9.64241 0H6.35348C6.14792 0 5.97937 0.148 5.94648 0.336L5.63814 2.456C5.13658 2.66 4.67202 2.924 4.24857 3.244L2.20121 2.44C2.01621 2.372 1.80243 2.44 1.69965 2.612L0.0551902 5.384C-0.0475887 5.556 -0.00236592 5.772 0.153858 5.896L1.88877 7.22C1.85588 7.476 1.83121 7.736 1.83121 8C1.83121 8.264 1.85588 8.524 1.88877 8.78L0.153858 10.104C-0.00236592 10.224 -0.0475887 10.44 0.0551902 10.616L1.69965 13.388C1.80243 13.56 2.01621 13.632 2.20121 13.56L4.24857 12.756C4.67202 13.072 5.13658 13.34 5.63814 13.544L5.94648 15.664C5.97937 15.852 6.14792 16 6.35348 16H9.64241C9.84796 16 10.0165 15.852 10.0494 15.664L10.3577 13.544C10.8593 13.34 11.3239 13.076 11.7473 12.756L13.7947 13.56C13.9797 13.628 14.1935 13.56 14.2962 13.388L15.9407 10.616C16.0435 10.444 15.9983 10.228 15.842 10.104L14.1071 8.78ZM7.99794 10.8C6.40693 10.8 5.12013 9.548 5.12013 8C5.12013 6.452 6.40693 5.2 7.99794 5.2C9.58896 5.2 10.8758 6.452 10.8758 8C10.8758 9.548 9.58896 10.8 7.99794 10.8Z"
            />
          </svg>
        </div>
      </div>
    </div>
  </header>
</div>
`;
