// Jest Snapshot v1, https://goo.gl/fbAQLP

exports[`BlogModal component should BlogModal null match snapshot 1`] = `Promise {}`;
